TAP version 13
# Subtest: gore: fade swaps retain pooled materials and shared maps through reset
not ok 1 - gore: fade swaps retain pooled materials and shared maps through reset
  ---
  duration_ms: 6.881997
  type: 'test'
  location: '/home/minjune/games/terminator-v2/fade-program-retention/test/view/fade-program-retention.test.js:10:52'
  failureType: 'testCodeFailure'
  error: |-
    fade entry must not dispose the old material or shared textures
    + actual - expected

      {
        fade: 0,
    +   map: 1,
    +   original: 1
    -   map: 0,
    -   original: 0
      }

  code: 'ERR_ASSERTION'
  name: 'AssertionError'
  expected:
    original: 0
    fade: 0
    map: 0
  actual:
    original: 1
    fade: 0
    map: 1
  operator: 'deepStrictEqual'
  stack: |-
    TestContext.<anonymous> (file:///home/minjune/games/terminator-v2/fade-program-retention/test/view/fade-program-retention.test.js:29:10)
    Test.runInAsyncScope (node:async_hooks:214:14)
    Test.run (node:internal/test_runner/test:1047:25)
    Test.start (node:internal/test_runner/test:944:17)
    startSubtestAfterBootstrap (node:internal/test_runner/harness:296:17)
  ...
# Subtest: skinned: fade swaps retain pooled materials and shared maps through reset
not ok 2 - skinned: fade swaps retain pooled materials and shared maps through reset
  ---
  duration_ms: 2.063929
  type: 'test'
  location: '/home/minjune/games/terminator-v2/fade-program-retention/test/view/fade-program-retention.test.js:10:52'
  failureType: 'testCodeFailure'
  error: |-
    fade entry must not dispose the old material or shared textures
    + actual - expected

      {
        fade: 0,
    +   map: 1,
    +   original: 1
    -   map: 0,
    -   original: 0
      }

  code: 'ERR_ASSERTION'
  name: 'AssertionError'
  expected:
    original: 0
    fade: 0
    map: 0
  actual:
    original: 1
    fade: 0
    map: 1
  operator: 'deepStrictEqual'
  stack: |-
    TestContext.<anonymous> (file:///home/minjune/games/terminator-v2/fade-program-retention/test/view/fade-program-retention.test.js:29:10)
    Test.runInAsyncScope (node:async_hooks:214:14)
    Test.run (node:internal/test_runner/test:1047:25)
    Test.processPendingSubtests (node:internal/test_runner/test:744:18)
    Test.postRun (node:internal/test_runner/test:1173:19)
    Test.run (node:internal/test_runner/test:1101:12)
    async startSubtestAfterBootstrap (node:internal/test_runner/harness:296:3)
  ...
# Subtest: HK debris: fade swaps retain pooled materials and shared maps through reset
not ok 3 - HK debris: fade swaps retain pooled materials and shared maps through reset
  ---
  duration_ms: 1.344519
  type: 'test'
  location: '/home/minjune/games/terminator-v2/fade-program-retention/test/view/fade-program-retention.test.js:10:52'
  failureType: 'testCodeFailure'
  error: |-
    fade entry must not dispose the old material or shared textures
    + actual - expected

      {
        fade: 0,
    +   map: 1,
    +   original: 1
    -   map: 0,
    -   original: 0
      }

  code: 'ERR_ASSERTION'
  name: 'AssertionError'
  expected:
    original: 0
    fade: 0
    map: 0
  actual:
    original: 1
    fade: 0
    map: 1
  operator: 'deepStrictEqual'
  stack: |-
    TestContext.<anonymous> (file:///home/minjune/games/terminator-v2/fade-program-retention/test/view/fade-program-retention.test.js:29:10)
    Test.runInAsyncScope (node:async_hooks:214:14)
    Test.run (node:internal/test_runner/test:1047:25)
    Test.processPendingSubtests (node:internal/test_runner/test:744:18)
    Test.postRun (node:internal/test_runner/test:1173:19)
    Test.run (node:internal/test_runner/test:1101:12)
    async Test.processPendingSubtests (node:internal/test_runner/test:744:7)
  ...
1..3
# tests 3
# suites 0
# pass 0
# fail 3
# cancelled 0
# skipped 0
# todo 0
# duration_ms 140.847575
