TAP version 13
# Subtest: recent events preserve inclusive subtraction, insertion order, future times and rewinds
ok 1 - recent events preserve inclusive subtraction, insertion order, future times and rewinds
  ---
  duration_ms: 1.24064
  type: 'test'
  ...
# Subtest: array replacement, observed shrink, and invisible truncate/reappend invalidate the projection
ok 2 - array replacement, observed shrink, and invisible truncate/reappend invalidate the projection
  ---
  duration_ms: 0.864389
  type: 'test'
  ...
# Subtest: non-finite times and sparse arrays agree with the original filter
ok 3 - non-finite times and sparse arrays agree with the original filter
  ---
  duration_ms: 0.13499
  type: 'test'
  ...
# Subtest: floating-point boundary keeps subtraction rounding rather than rewriting the cutoff
ok 4 - floating-point boundary keeps subtraction rounding rather than rewriting the cutoff
  ---
  duration_ms: 0.14994
  type: 'test'
  ...
# Subtest: world caches are independent even when worlds share the same log
ok 5 - world caches are independent even when worlds share the same log
  ---
  duration_ms: 0.0832
  type: 'test'
  ...
# Subtest: random append, pause, rewind and snapshot suffix sequences match Array.filter
ok 6 - random append, pause, rewind and snapshot suffix sequences match Array.filter
  ---
  duration_ms: 8.760154
  type: 'test'
  ...
# Subtest: old history is read once; paused calls and append deltas never rescan it
ok 7 - old history is read once; paused calls and append deltas never rescan it
  ---
  duration_ms: 66.790305
  type: 'test'
  ...
# history=100000; 600 paused + append delta + 600 advancing calls: historical timestamp rereads=0
# [Terminator sandbox] scout rev 1 ticked in QuickJS
# [Terminator sandbox] heavy rev 1 ticked in QuickJS
# [Terminator sandbox] scout rev 2 ticked in QuickJS
# [Terminator sandbox] endo rev 1 ticked in QuickJS
# Subtest: sense hides the player outside the vision cone and behind an occluder
ok 8 - sense hides the player outside the vision cone and behind an occluder
  ---
  duration_ms: 83.008874
  type: 'test'
  ...
# Subtest: act.face on every brain tick still obeys the Heavy turn rate
ok 9 - act.face on every brain tick still obeys the Heavy turn rate
  ---
  duration_ms: 38.950734
  type: 'test'
  ...
# Subtest: script acceptance rejects missing tick and smoke errors, then versions new spawns
ok 10 - script acceptance rejects missing tick and smoke errors, then versions new spawns
  ---
  duration_ms: 156.142803
  type: 'test'
  ...
# Subtest: 24 units tick at 10 Hz in deterministic staggered groups
ok 11 - 24 units tick at 10 Hz in deterministic staggered groups
  ---
  duration_ms: 102.386259
  type: 'test'
  ...
# Subtest: ghost replays recorded movement and look within one centimeter
ok 12 - ghost replays recorded movement and look within one centimeter
  ---
  duration_ms: 207.491138
  type: 'test'
  ...
# Subtest: last, best, and numeric ghost selectors choose the intended replay
ok 13 - last, best, and numeric ghost selectors choose the intended replay
  ---
  duration_ms: 0.355329
  type: 'test'
  ...
# Subtest: simulation is deterministic for a seed and returns the protocol result shape
ok 14 - simulation is deterministic for a seed and returns the protocol result shape
  ---
  duration_ms: 479.378572
  type: 'test'
  ...
# Subtest: simulator uses the injected brain factory for submitted scripts
ok 15 - simulator uses the injected brain factory for submitted scripts
  ---
  duration_ms: 36.896905
  type: 'test'
  ...
# Subtest: simulator uses the live sandbox path for submitted source by default
ok 16 - simulator uses the live sandbox path for submitted source by default
  ---
  duration_ms: 45.382809
  type: 'test'
  ...
# Subtest: 24 alive units simulate at least 30 times faster than real time
ok 17 - 24 alive units simulate at least 30 times faster than real time
  ---
  duration_ms: 1034.571603
  type: 'test'
  ...
# Subtest: simulation summaries count early kills after their corpses retire
ok 18 - simulation summaries count early kills after their corpses retire
  ---
  duration_ms: 140.422714
  type: 'test'
  ...
# Subtest: simulation releases surviving script runtimes on completion and timeout
ok 19 - simulation releases surviving script runtimes on completion and timeout
  ---
  duration_ms: 93.000047
  type: 'test'
  ...
# Subtest: fixed live workload does not scan or snapshot every past death
ok 20 - fixed live workload does not scan or snapshot every past death
  ---
  duration_ms: 4642.18781
  type: 'test'
  ...
# [{"seconds":60,"retained":6,"indexed":6,"loopReads":2126,"snapshotUnits":6,"unitBytes":4529},{"seconds":300,"retained":6,"indexed":6,"loopReads":2126,"snapshotUnits":6,"unitBytes":4547},{"seconds":600,"retained":6,"indexed":6,"loopReads":2126,"snapshotUnits":6,"unitBytes":4547}]
# Subtest: recent corpses survive snapshots and brains are destroyed exactly once
ok 21 - recent corpses survive snapshots and brains are destroyed exactly once
  ---
  duration_ms: 94.010056
  type: 'test'
  ...
# Subtest: a dead projectile owner survives retirement until its final impact
ok 22 - a dead projectile owner survives retirement until its final impact
  ---
  duration_ms: 46.059719
  type: 'test'
  ...
# Subtest: asset manifest contains only existing, unique project assets
ok 23 - asset manifest contains only existing, unique project assets
  ---
  duration_ms: 2.657358
  type: 'test'
  ...
# Subtest: optional queue bounds concurrency, yields between assets and promotes without a readiness gate
ok 24 - optional queue bounds concurrency, yields between assets and promotes without a readiness gate
  ---
  duration_ms: 0.60672
  type: 'test'
  ...
# Subtest: Stop aborts owned loads, clears scheduled jobs and observes late rejections
ok 25 - Stop aborts owned loads, clears scheduled jobs and observes late rejections
  ---
  duration_ms: 0.350319
  type: 'test'
  ...
# Subtest: an optional asset failure does not poison the next queue or block remaining hints
ok 26 - an optional asset failure does not poison the next queue or block remaining hints
  ---
  duration_ms: 0.44103
  type: 'test'
  ...
# Subtest: image warming uses decode and releases its image on completion and cancellation
ok 27 - image warming uses decode and releases its image on completion and cancellation
  ---
  duration_ms: 0.76019
  type: 'test'
  ...
# Subtest: HDR warming drains low-priority responses and preserves loader ownership
ok 28 - HDR warming drains low-priority responses and preserves loader ownership
  ---
  duration_ms: 0.895659
  type: 'test'
  ...
# Subtest: input telemetry includes controls/menu waiting and keeps missing clicks distinct
ok 29 - input telemetry includes controls/menu waiting and keeps missing clicks distinct
  ---
  duration_ms: 0.49518
  type: 'test'
  ...
# Subtest: solo Start stays behind real warmup while optional preparation does not gate it
ok 30 - solo Start stays behind real warmup while optional preparation does not gate it
  ---
  duration_ms: 0.99851
  type: 'test'
  ...
# Subtest: Stop before readiness cannot launch a wave, and a retry consumes new readiness
ok 31 - Stop before readiness cannot launch a wave, and a retry consumes new readiness
  ---
  duration_ms: 0.42585
  type: 'test'
  ...
# Subtest: stopping views clears stale party warmup before retry
ok 32 - stopping views clears stale party warmup before retry
  ---
  duration_ms: 0.15415
  type: 'test'
  ...
# Subtest: returning to main cancels pending guest preparation before restoring menu presentation
ok 33 - returning to main cancels pending guest preparation before restoring menu presentation
  ---
  duration_ms: 0.12532
  type: 'test'
  ...
# Subtest: a guest warmup that finishes after leaving never sends loaded
ok 34 - a guest warmup that finishes after leaving never sends loaded
  ---
  duration_ms: 2.101879
  type: 'test'
  ...
# Subtest: manager shares pending lighting preparation and Stop isolates a retry from late failure
ok 35 - manager shares pending lighting preparation and Stop isolates a retry from late failure
  ---
  duration_ms: 0.43144
  type: 'test'
  ...
# Subtest: menu readiness does not wait for background assets or take the gameplay camera
ok 36 - menu readiness does not wait for background assets or take the gameplay camera
  ---
  duration_ms: 0.551449
  type: 'test'
  ...
# Subtest: DOM capture measures actual Start rather than party creation or disabled buttons
ok 37 - DOM capture measures actual Start rather than party creation or disabled buttons
  ---
  duration_ms: 0.15747
  type: 'test'
  ...
# Subtest: incremental presentation equals full history, with legacy attribution and exact sums
ok 38 - incremental presentation equals full history, with legacy attribution and exact sums
  ---
  duration_ms: 8.312834
  type: 'test'
  ...
# Subtest: joins, leaves, roster order, late names and returning players preserve two-pass scoreboard semantics
ok 39 - joins, leaves, roster order, late names and returning players preserve two-pass scoreboard semantics
  ---
  duration_ms: 0.52856
  type: 'test'
  ...
# Subtest: catalog mutations, replacements, additions/removals and wave changes reprice full history exactly
ok 40 - catalog mutations, replacements, additions/removals and wave changes reprice full history exactly
  ---
  duration_ms: 1.336769
  type: 'test'
  ...
# Subtest: replacement, shrink, same-length overwrite and truncate/refill beyond cursor invalidate
ok 41 - replacement, shrink, same-length overwrite and truncate/refill beyond cursor invalidate
  ---
  duration_ms: 0.418239
  type: 'test'
  ...
# Subtest: actual co-op applySnapshot overlaps, gaps and retry match the full-history projection
ok 42 - actual co-op applySnapshot overlaps, gaps and retry match the full-history projection
  ---
  duration_ms: 225.694408
  type: 'test'
  ...
# Subtest: warm history reads stay bounded and only the appended delta is traversed
ok 43 - warm history reads stay bounded and only the appended delta is traversed
  ---
  duration_ms: 16.690699
  type: 'test'
  ...
# Subtest: standalone scoreboard accepts its original minimal world shape
ok 44 - standalone scoreboard accepts its original minimal world shape
  ---
  duration_ms: 0.17245
  type: 'test'
  ...
# Subtest: deterministic mixed history changes stay equivalent to the original full scan
ok 45 - deterministic mixed history changes stay equivalent to the original full scan
  ---
  duration_ms: 12.967651
  type: 'test'
  ...
# Subtest: public menu opens built-in Skynet without a probe, error or premature match
ok 46 - public menu opens built-in Skynet without a probe, error or premature match
  ---
  duration_ms: 14.19704
  type: 'test'
  ...
# Subtest: stopped menu never runs scheduled preparation; a live menu prepares once
ok 47 - stopped menu never runs scheduled preparation; a live menu prepares once
  ---
  duration_ms: 0.22506
  type: 'test'
  ...
# Subtest: repeated start requests share readiness and allow a subsequent retry
ok 48 - repeated start requests share readiness and allow a subsequent retry
  ---
  duration_ms: 0.30335
  type: 'test'
  ...
# Subtest: enemy plates are removed before projection and no new enemy DOM is created
ok 49 - enemy plates are removed before projection and no new enemy DOM is created
  ---
  duration_ms: 0.15414
  type: 'test'
  ...
# Subtest: profile executes void work once and records failures
ok 50 - profile executes void work once and records failures
  ---
  duration_ms: 0.42199
  type: 'test'
  ...
# Subtest: synchronous view-construction failure restores the map and stops partial views
ok 51 - synchronous view-construction failure restores the map and stops partial views
  ---
  duration_ms: 0.756249
  type: 'test'
  ...
# Subtest: repeated roster teardown releases uploaded particle instance buffers
ok 52 - repeated roster teardown releases uploaded particle instance buffers
  ---
  duration_ms: 4.136607
  type: 'test'
  ...
# Subtest: repeated gore teardown releases uploaded stain and stump instance buffers
ok 53 - repeated gore teardown releases uploaded stain and stump instance buffers
  ---
  duration_ms: 2.594098
  type: 'test'
  ...
# Subtest: one settled matrix update serves all scene passes; subsequent frames update movement
ok 54 - one settled matrix update serves all scene passes; subsequent frames update movement
  ---
  duration_ms: 0.991759
  type: 'test'
  ...
# Subtest: object updates invalidate between passes, while explicit matrix updates always work
ok 55 - object updates invalidate between passes, while explicit matrix updates always work
  ---
  duration_ms: 0.20922
  type: 'test'
  ...
# Subtest: outside-frame and other-scene renders retain normal updates; disabled auto-update remains disabled
ok 56 - outside-frame and other-scene renders retain normal updates; disabled auto-update remains disabled
  ---
  duration_ms: 0.19066
  type: 'test'
  ...
# Subtest: exceptions restore scene settings and dispose preserves a later renderer owner
ok 57 - exceptions restore scene settings and dispose preserves a later renderer owner
  ---
  duration_ms: 0.275
  type: 'test'
  ...
# Subtest: nested scene renders can refresh matrices even while the outer pass reuses them
ok 58 - nested scene renders can refresh matrices even while the outer pass reuses them
  ---
  duration_ms: 0.15676
  type: 'test'
  ...
# Subtest: empty transmission skips only a current same-camera list and preserves fallback and renderer ownership
ok 59 - empty transmission skips only a current same-camera list and preserves fallback and renderer ownership
  ---
  duration_ms: 0.329679
  type: 'test'
  ...
# Subtest: head kills crunch only on headshot, independently of weapon damage
ok 60 - head kills crunch only on headshot, independently of weapon damage
  ---
  duration_ms: 0.61973
  type: 'test'
  ...
# Subtest: both arms and legs detach at exactly 60 percent of scaled maximum HP
ok 61 - both arms and legs detach at exactly 60 percent of scaled maximum HP
  ---
  duration_ms: 0.12032
  type: 'test'
  ...
# Subtest: shotgun kills cut the struck limb; blast kills cut four limbs and split the waist
ok 62 - shotgun kills cut the struck limb; blast kills cut four limbs and split the waist
  ---
  duration_ms: 0.13843
  type: 'test'
  ...
# Subtest: unknown parts degrade without claiming a humanoid head
ok 63 - unknown parts degrade without claiming a humanoid head
  ---
  duration_ms: 0.10402
  type: 'test'
  ...
# Subtest: vehicle hulls without a humanoid rig degrade to bounded effect bursts
ok 64 - vehicle hulls without a humanoid rig degrade to bounded effect bursts
  ---
  duration_ms: 0.45056
  type: 'test'
  ...
# Subtest: the retained piece pool never grows and evicts the oldest record only when full
ok 65 - the retained piece pool never grows and evicts the oldest record only when full
  ---
  duration_ms: 1.879699
  type: 'test'
  ...
# Subtest: crunch progresses over time, changes real vertices, and preserves source and buffers
ok 66 - crunch progresses over time, changes real vertices, and preserves source and buffers
  ---
  duration_ms: 9.675743
  type: 'test'
  ...
# Subtest: dents accumulate, recycle at the cap, and reset without geometry replacement
ok 67 - dents accumulate, recycle at the cap, and reset without geometry replacement
  ---
  duration_ms: 11.272873
  type: 'test'
  ...
# Subtest: match warmup reaches skull crunch, one limb, a torso split, and a real dent
ok 68 - match warmup reaches skull crunch, one limb, a torso split, and a real dent
  ---
  duration_ms: 1.2558
  type: 'test'
  ...
# Subtest: both light variants compile once, render, and restore pooled state
ok 69 - both light variants compile once, render, and restore pooled state
  ---
  duration_ms: 7.734705
  type: 'test'
  ...
# Subtest: asset failure prevents priming and compilation
ok 70 - asset failure prevents priming and compilation
  ---
  duration_ms: 0.35375
  type: 'test'
  ...
# Subtest: stop settles pending readiness immediately and observes late failure
ok 71 - stop settles pending readiness immediately and observes late failure
  ---
  duration_ms: 0.50782
  type: 'test'
  ...
# Subtest: stop during compile restores synchronously and cannot resume into restart
ok 72 - stop during compile restores synchronously and cannot resume into restart
  ---
  duration_ms: 5.626606
  type: 'test'
  ...
# Subtest: image timeout path can be stopped without leaking primed pools
ok 73 - image timeout path can be stopped without leaking primed pools
  ---
  duration_ms: 0.551109
  type: 'test'
  ...
# Subtest: warmup excludes hidden authored copies but keeps runtime borrowers and visible authored lights
ok 74 - warmup excludes hidden authored copies but keeps runtime borrowers and visible authored lights
  ---
  duration_ms: 0.20484
  type: 'test'
  ...
# Subtest: nested render holds release once and preserve a pre-suspended viewer
ok 75 - nested render holds release once and preserve a pre-suspended viewer
  ---
  duration_ms: 0.12949
  type: 'test'
  ...
# Subtest: idle-light compositor warmup keeps tracer geometry primed until both variants render
ok 76 - idle-light compositor warmup keeps tracer geometry primed until both variants render
  ---
  duration_ms: 5.014427
  type: 'test'
  ...
# Subtest: idle-light warmup preserves a fixed visible zero-intensity light policy
ok 77 - idle-light warmup preserves a fixed visible zero-intensity light policy
  ---
  duration_ms: 4.806707
  type: 'test'
  ...
# Subtest: active compilation overlaps uploads but gates rendering and the idle variant
ok 78 - active compilation overlaps uploads but gates rendering and the idle variant
  ---
  duration_ms: 5.039616
  type: 'test'
  ...
# Subtest: upload failure restores state and observes a later compile failure
ok 79 - upload failure restores state and observes a later compile failure
  ---
  duration_ms: 0.43086
  type: 'test'
  ...
# Subtest: compile uses compositor output and draw hooks for each material on a mixed skinned mesh
ok 80 - compile uses compositor output and draw hooks for each material on a mixed skinned mesh
  ---
  duration_ms: 0.310899
  type: 'test'
  ...
# Subtest: non-RGBM compile keeps transparency on the ordinary compositor target
ok 81 - non-RGBM compile keeps transparency on the ordinary compositor target
  ---
  duration_ms: 0.10043
  type: 'test'
  ...
# Subtest: pending parallel compilation restores framebuffer immediately and Stop observes both late failures
ok 82 - pending parallel compilation restores framebuffer immediately and Stop observes both late failures
  ---
  duration_ms: 0.69517
  type: 'test'
  ...
# Subtest: a later compile hook failure balances hooks, restores target and observes earlier compilation
ok 83 - a later compile hook failure balances hooks, restores target and observes earlier compilation
  ---
  duration_ms: 0.33783
  type: 'test'
  ...
# Subtest: warmup suspends automatic pool rendering between requested compositor frames
ok 84 - warmup suspends automatic pool rendering between requested compositor frames
  ---
  duration_ms: 4.751746
  type: 'test'
  ...
# Subtest: mounted pooled fades upload and traverse both light/compositor gates without extra scene compiles
ok 85 - mounted pooled fades upload and traverse both light/compositor gates without extra scene compiles
  ---
  duration_ms: 5.062557
  type: 'test'
  ...
# Subtest: Stop during idle fade compilation restores pooled material synchronously and observes late rejection
ok 86 - Stop during idle fade compilation restores pooled material synchronously and observes late rejection
  ---
  duration_ms: 2.668918
  type: 'test'
  ...
# Subtest: death preserves the posed rig, inherits velocity, and applies localized head torque
ok 87 - death preserves the posed rig, inherits velocity, and applies localized head torque
  ---
  duration_ms: 94.879416
  type: 'test'
  ...
# Subtest: terrain matches treads and leaves the actual stairwell open
ok 88 - terrain matches treads and leaves the actual stairwell open
  ---
  duration_ms: 3.708987
  type: 'test'
  ...
# Subtest: eight active cap freezes the oldest pose and retains it for 180 seconds before a two second fade
ok 89 - eight active cap freezes the oldest pose and retains it for 180 seconds before a two second fade
  ---
  duration_ms: 758.09414
  type: 'test'
  ...
# Subtest: a detached limb settles on a tread, keeps its lifetime, and reuses a physics body
ok 90 - a detached limb settles on a tread, keeps its lifetime, and reuses a physics body
  ---
  duration_ms: 29.077621
  type: 'test'
  ...
# Subtest: delayed skull detachment removes its body and constraint without restarting the corpse
ok 91 - delayed skull detachment removes its body and constraint without restarting the corpse
  ---
  duration_ms: 3.743477
  type: 'test'
  ...
# Subtest: blast-split torsos omit the waist joint and receive divergent velocities
ok 92 - blast-split torsos omit the waist joint and receive divergent velocities
  ---
  duration_ms: 2.746108
  type: 'test'
  ...
# Subtest: 24 active pieces retain frozen records and reuse the primed physics pool
ok 93 - 24 active pieces retain frozen records and reuse the primed physics pool
  ---
  duration_ms: 4.103628
  type: 'test'
  ...
# Subtest: repeated deaths, revivals and corpse expiry reuse bounded ragdoll records
ok 94 - repeated deaths, revivals and corpse expiry reuse bounded ragdoll records
  ---
  duration_ms: 15.763739
  type: 'test'
  ...
# Subtest: real Object3DManager reparent retains warmed geometry, material and texture until owner disposal
ok 95 - real Object3DManager reparent retains warmed geometry, material and texture until owner disposal
  ---
  duration_ms: 3.958668
  type: 'test'
  ...
# Subtest: retention scope restores mixed settings on nested calls and exceptions
ok 96 - retention scope restores mixed settings on nested calls and exceptions
  ---
  duration_ms: 0.270019
  type: 'test'
  ...
# Subtest: restoring authored preview before its borrower is removed protects their shared geometry
ok 97 - restoring authored preview before its borrower is removed protects their shared geometry
  ---
  duration_ms: 0.86913
  type: 'test'
  ...
# Subtest: three roster templates register authored sources and all core part names
ok 98 - three roster templates register authored sources and all core part names
  ---
  duration_ms: 13.612711
  type: 'test'
  ...
# Subtest: roster surfaces carry shared complete PBR maps with no vertex colors
ok 99 - roster surfaces carry shared complete PBR maps with no vertex colors
  ---
  duration_ms: 8.972064
  type: 'test'
  ...
# Subtest: all twenty authored part bounds and both settled poses fit within five centimetres
ok 100 - all twenty authored part bounds and both settled poses fit within five centimetres
  ---
  duration_ms: 155.125336
  type: 'test'
  ...
# Subtest: liquid blades morph on attack, ripple on impact, and shimmer as HP rises without changing core state
ok 101 - liquid blades morph on attack, ripple on impact, and shimmer as HP rises without changing core state
  ---
  duration_ms: 1.993349
  type: 'test'
  ...
# Subtest: aerial banks, turns its turret, spins intakes, and points a bounded searchlight
ok 102 - aerial banks, turns its turret, spins intakes, and points a bounded searchlight
  ---
  duration_ms: 1.342399
  type: 'test'
  ...
# Subtest: tank scrolls the shared tread atlas, recoils both guns, and flares its rear core
ok 103 - tank scrolls the shared tread atlas, recoils both guns, and flares its rear core
  ---
  duration_ms: 0.713369
  type: 'test'
  ...
# Subtest: liquid collapse creates a growing pool, sinks, and releases without metal debris
ok 104 - liquid collapse creates a growing pool, sinks, and releases without metal debris
  ---
  duration_ms: 2.008289
  type: 'test'
  ...
# Subtest: vehicle deaths use resident piece physics and keep fire through the wreck lifetime
ok 105 - vehicle deaths use resident piece physics and keep fire through the wreck lifetime
  ---
  duration_ms: 21.383165
  type: 'test'
  ...
# Subtest: boss wave announcement remains without enemy health overlay
ok 106 - boss wave announcement remains without enemy health overlay
  ---
  duration_ms: 0.1638
  type: 'test'
  ...
# Subtest: match priming allocates live aerial optics before death paths and retains those exact pools for first spawn
ok 107 - match priming allocates live aerial optics before death paths and retains those exact pools for first spawn
  ---
  duration_ms: 348.238037
  type: 'test'
  ...
# Subtest: 600 unchanged frames skip bone math/upload invalidation with exact pose
ok 108 - 600 unchanged frames skip bone math/upload invalidation with exact pose
  ---
  duration_ms: 12.218752
  type: 'test'
  ...
# Subtest: actual bone/parent/manual/inverse/resource changes invalidate; explicit world updates retain semantics
ok 109 - actual bone/parent/manual/inverse/resource changes invalidate; explicit world updates retain semantics
  ---
  duration_ms: 1.092189
  type: 'test'
  ...
# Subtest: cache deduplicates shared skins and restores own methods without overwriting a later owner
ok 110 - cache deduplicates shared skins and restores own methods without overwriting a later owner
  ---
  duration_ms: 0.494349
  type: 'test'
  ...
# Subtest: a later instrumentation wrapper can retain the method while disposal restores live updates
ok 111 - a later instrumentation wrapper can retain the method while disposal restores live updates
  ---
  duration_ms: 0.23206
  type: 'test'
  ...
# Subtest: early eight-body-cap freeze preserves pending crunch, head detach, hit bursts, fade, and recycle
ok 112 - early eight-body-cap freeze preserves pending crunch, head detach, hit bursts, fade, and recycle
  ---
  duration_ms: 458.322004
  type: 'test'
  ...
# Subtest: actual scout/endo/heavy limb, blast split, and dent paths match uncached poses; reset releases leases
ok 113 - actual scout/endo/heavy limb, blast split, and dent paths match uncached poses; reset releases leases
  ---
  duration_ms: 749.891999
  type: 'test'
  ...
# Subtest: repeated revival reuses the record, restores every skin, and Stop releases the final cache
ok 114 - repeated revival reuses the record, restores every skin, and Stop releases the final cache
  ---
  duration_ms: 60.504999
  type: 'test'
  ...
# Subtest: actual click latency excludes only proven pre-event automation waiting, retaining the legacy total
ok 115 - actual click latency excludes only proven pre-event automation waiting, retaining the legacy total
  ---
  duration_ms: 0.49187
  type: 'test'
  ...
# Subtest: missing or unordered actual events cannot silently fall back to an intent timestamp
ok 116 - missing or unordered actual events cannot silently fall back to an intent timestamp
  ---
  duration_ms: 0.17367
  type: 'test'
  ...
# Subtest: manager restart is explicitly labeled and retains all preparation before readiness
ok 117 - manager restart is explicitly labeled and retains all preparation before readiness
  ---
  duration_ms: 0.11255
  type: 'test'
  ...
# Subtest: suffixed and duplicate authored bone names bind by object correspondence in original skin order
ok 118 - suffixed and duplicate authored bone names bind by object correspondence in original skin order
  ---
  duration_ms: 2.391689
  type: 'test'
  ...
# Subtest: a skeleton bone outside the cloned hierarchy still fails instead of silently omitting a joint
ok 119 - a skeleton bone outside the cloned hierarchy still fails instead of silently omitting a joint
  ---
  duration_ms: 0.647049
  type: 'test'
  ...
# Subtest: nested-import skeleton references resolve by a unique persistent bone identity
ok 120 - nested-import skeleton references resolve by a unique persistent bone identity
  ---
  duration_ms: 0.32316
  type: 'test'
  ...
# Subtest: nested-import bones without persistent IDs require an unambiguous authored name
ok 121 - nested-import bones without persistent IDs require an unambiguous authored name
  ---
  duration_ms: 0.41939
  type: 'test'
  ...
# Subtest: duplicate persistent bone IDs are rejected even when names could disambiguate them
ok 122 - duplicate persistent bone IDs are rejected even when names could disambiguate them
  ---
  duration_ms: 0.29085
  type: 'test'
  ...
# Subtest: a recycled rig stops scene matrix traversal, reactivates without allocation, and returns to owner cleanup
ok 123 - a recycled rig stops scene matrix traversal, reactivates without allocation, and returns to owner cleanup
  ---
  duration_ms: 2.206748
  type: 'test'
  ...
1..123
# tests 123
# suites 0
# pass 123
# fail 0
# cancelled 0
# skipped 0
# todo 0
# duration_ms 13363.285232
